[7oroof.com/demos/babette/home-cafe.html]
[7oroof.com/demos/babette/assets/images/favicon/favicon.png]
[backblue.gif]
[fade.gif]
[index.html]
[7oroof.com/demos/babette/index.html]
[7oroof.com/demos/babette/assets/images/logo/logo-light.png]
[7oroof.com/demos/babette/assets/images/logo/logo-dark.png]
[7oroof.com/demos/babette/home-gourmet.html]
[7oroof.com/demos/babette/home-classic.html]
[7oroof.com/demos/babette/our-story.html]
[7oroof.com/demos/babette/our-chefs.html]
[7oroof.com/demos/babette/our-guestbook.html]
[7oroof.com/demos/babette/contacts.html]
[7oroof.com/demos/babette/events.html]
[7oroof.com/demos/babette/event-single.html]
[7oroof.com/demos/babette/faqs.html]
[7oroof.com/demos/babette/menu-classic.html]
[7oroof.com/demos/babette/menu-mixed.html]
[7oroof.com/demos/babette/menu-board.html]
[7oroof.com/demos/babette/menu-gallery.html]
[7oroof.com/demos/babette/gallery-grid.html]
[7oroof.com/demos/babette/gallery-fullwidth.html]
[7oroof.com/demos/babette/blog-carousel.html]
[7oroof.com/demos/babette/blog-grid-sidebar.html]
[7oroof.com/demos/babette/blog-grid.html]
[7oroof.com/demos/babette/blog-standard.html]
[7oroof.com/demos/babette/blog-single-post.html]
[7oroof.com/demos/babette/shop.html]
[7oroof.com/demos/babette/shop-sidebar.html]
[7oroof.com/demos/babette/shop-single-product.html]
[7oroof.com/demos/babette/shopping-cart.html]
[7oroof.com/demos/babette/reservation.html]
[7oroof.com/demos/babette/assets/images/backgrounds/17.jpg]
[7oroof.com/demos/babette/assets/images/backgrounds/18.jpg]
[7oroof.com/demos/babette/assets/images/gallery/9.jpg]
[7oroof.com/demos/babette/assets/images/gallery/10.jpg]
[7oroof.com/demos/babette/assets/images/gallery/11.jpg]
[7oroof.com/demos/babette/assets/images/backgrounds/15.jpg]
[7oroof.com/demos/babette/assets/images/features/1.jpg]
[7oroof.com/demos/babette/assets/images/features/2.jpg]
[7oroof.com/demos/babette/assets/images/features/3.jpg]
[7oroof.com/demos/babette/assets/js/google-map.js]
[7oroof.com/demos/babette/assets/images/backgrounds/pattern/4.png]
[7oroof.com/demos/babette/assets/images/blog/grid/7.jpg]
[7oroof.com/demos/babette/assets/images/blog/grid/8.jpg]
[7oroof.com/demos/babette/assets/images/blog/grid/9.jpg]
[7oroof.com/demos/babette/assets/images/logo/footer-logo.png]
[7oroof.com/demos/babette/assets/js/jquery-3.3.1.min.js]
[7oroof.com/demos/babette/assets/js/plugins.js]
[7oroof.com/demos/babette/assets/js/main.js]
[7oroof.com/demos/babette/home-cafe.html]
[7oroof.com/demos/babette/assets/css/images/ui-icons_444444_256x240.33.delayed]
[7oroof.com/demos/babette/assets/css/images/ui-icons_555555_256x240.png]
[7oroof.com/demos/babette/assets/css/images/ui-icons_ffffff_256x240.png]
[7oroof.com/demos/babette/assets/css/images/ui-icons_777620_256x240.png]
[7oroof.com/demos/babette/assets/css/images/ui-icons_cc0000_256x240.png]
[7oroof.com/demos/babette/assets/css/images/ui-icons_777777_256x240.png]
[7oroof.com/demos/babette/assets/css/owl.video.play.png]
[7oroof.com/demos/babette/assets/images/lightbox/close.png]
[7oroof.com/demos/babette/assets/images/lightbox/loading.gif]
[7oroof.com/demos/babette/assets/images/lightbox/prev.png]
[7oroof.com/demos/babette/assets/images/lightbox/next.png]
[7oroof.com/demos/babette/assets/fonts/fontawesome-webfont3e6e.eot]
[7oroof.com/demos/babette/assets/fonts/fontawesome-webfontd41d.eot]
[7oroof.com/demos/babette/assets/fonts/fontawesome-webfont3e6e.woff2]
[7oroof.com/demos/babette/assets/fonts/fontawesome-webfont3e6e.woff]
[7oroof.com/demos/babette/assets/fonts/fontawesome-webfont3e6e.ttf]
[7oroof.com/demos/babette/assets/fonts/icomoonf857.eot]
[7oroof.com/demos/babette/assets/fonts/icomoonf857.ttf]
[7oroof.com/demos/babette/assets/fonts/icomoonf857.woff]
[7oroof.com/demos/babette/assets/css/libraries.css]
[7oroof.com/demos/babette/assets/images/shapes/shape1.png]
[7oroof.com/demos/babette/assets/images/shapes/shape2.png]
[7oroof.com/demos/babette/assets/images/shapes/1.png]
[7oroof.com/demos/babette/assets/css/style.css]
[7oroof.com/demos/babette/assets/images/backgrounds/2.jpg]
[7oroof.com/demos/babette/assets/images/backgrounds/8.jpg]
[7oroof.com/demos/babette/assets/images/backgrounds/pattern/2.png]
[7oroof.com/demos/babette/assets/images/about/signature.png]
[7oroof.com/demos/babette/assets/images/banners/1.png]
[7oroof.com/demos/babette/assets/images/clients/1.png]
[7oroof.com/demos/babette/assets/images/clients/2.png]
[7oroof.com/demos/babette/assets/images/clients/3.png]
[7oroof.com/demos/babette/assets/images/clients/4.png]
[7oroof.com/demos/babette/assets/images/clients/5.png]
[7oroof.com/demos/babette/assets/images/clients/6.png]
[7oroof.com/demos/babette/assets/images/backgrounds/9.jpg]
[7oroof.com/demos/babette/assets/images/backgrounds/pattern/1.png]
[7oroof.com/demos/babette/assets/images/banners/2.png]
[7oroof.com/demos/babette/assets/images/gallery/1.jpg]
[7oroof.com/demos/babette/assets/images/gallery/2.jpg]
[7oroof.com/demos/babette/assets/images/gallery/3.jpg]
[7oroof.com/demos/babette/assets/images/gallery/4.jpg]
[7oroof.com/demos/babette/assets/images/gallery/5.jpg]
[7oroof.com/demos/babette/assets/images/gallery/6.jpg]
[7oroof.com/demos/babette/assets/images/gallery/7.jpg]
[7oroof.com/demos/babette/assets/images/gallery/8.jpg]
[7oroof.com/demos/babette/assets/images/testimonials/thumbs/1.png]
[7oroof.com/demos/babette/assets/images/testimonials/thumbs/2.png]
[7oroof.com/demos/babette/assets/images/testimonials/thumbs/3.png]
[7oroof.com/demos/babette/assets/images/backgrounds/6.jpg]
[7oroof.com/demos/babette/assets/images/backgrounds/pattern/3.png]
[7oroof.com/demos/babette/assets/images/shapes/table.jpg]
[7oroof.com/demos/babette/assets/images/blog/grid/1.jpg]
[7oroof.com/demos/babette/assets/images/blog/grid/2.jpg]
[7oroof.com/demos/babette/assets/images/blog/grid/3.jpg]
[7oroof.com/demos/babette/index.html]
[7oroof.com/demos/babette/assets/images/logo/logo-dark2.png]
[7oroof.com/demos/babette/assets/images/backgrounds/10.jpg]
[7oroof.com/demos/babette/assets/images/backgrounds/16.jpg]
[7oroof.com/demos/babette/home-gourmet.html]
[7oroof.com/demos/babette/assets/images/backgrounds/14.jpg]
[7oroof.com/demos/babette/assets/images/logo/logo-xl.png]
[7oroof.com/demos/babette/assets/images/icons/7.png]
[7oroof.com/demos/babette/assets/images/icons/8.png]
[7oroof.com/demos/babette/assets/images/icons/9.png]
[7oroof.com/demos/babette/assets/images/backgrounds/1.jpg]
[7oroof.com/demos/babette/assets/images/backgrounds/3.jpg]
[7oroof.com/demos/babette/assets/images/banners/3.png]
[7oroof.com/demos/babette/home-classic.html]
[7oroof.com/demos/babette/assets/images/backgrounds/7.jpg]
[7oroof.com/demos/babette/assets/images/icons/1.png]
[7oroof.com/demos/babette/assets/images/icons/2.png]
[7oroof.com/demos/babette/assets/images/icons/3.png]
[7oroof.com/demos/babette/assets/images/icons/4.png]
[7oroof.com/demos/babette/assets/images/icons/5.png]
[7oroof.com/demos/babette/assets/images/icons/6.png]
[7oroof.com/demos/babette/our-story.html]
[7oroof.com/demos/babette/assets/images/team/1.jpg]
[7oroof.com/demos/babette/assets/images/team/2.jpg]
[7oroof.com/demos/babette/assets/images/team/3.jpg]
[7oroof.com/demos/babette/assets/images/team/4.jpg]
[7oroof.com/demos/babette/assets/images/team/5.jpg]
[7oroof.com/demos/babette/assets/images/team/6.jpg]
[7oroof.com/demos/babette/our-chefs.html]
[7oroof.com/demos/babette/our-guestbook.html]
[7oroof.com/demos/babette/contacts.html]
[7oroof.com/demos/babette/assets/images/backgrounds/11.jpg]
[7oroof.com/demos/babette/assets/images/blog/grid/4.jpg]
[7oroof.com/demos/babette/assets/images/blog/grid/5.jpg]
[7oroof.com/demos/babette/assets/images/blog/grid/6.jpg]
[7oroof.com/demos/babette/events.html]
[7oroof.com/demos/babette/assets/images/backgrounds/12.jpg]
[7oroof.com/demos/babette/assets/images/blog/author/2.jpg]
[7oroof.com/demos/babette/event-single.html]
[7oroof.com/demos/babette/assets/images/backgrounds/13.jpg]
[7oroof.com/demos/babette/faqs.html]
[7oroof.com/demos/babette/assets/images/backgrounds/4.jpg]
[7oroof.com/demos/babette/assets/images/backgrounds/5.jpg]
[7oroof.com/demos/babette/menu-classic.html]
[7oroof.com/demos/babette/assets/images/menu/1.jpg]
[7oroof.com/demos/babette/assets/images/menu/2.jpg]
[7oroof.com/demos/babette/assets/images/menu/3.jpg]
[7oroof.com/demos/babette/assets/images/menu/4.jpg]
[7oroof.com/demos/babette/assets/images/menu/5.jpg]
[7oroof.com/demos/babette/assets/images/menu/7.jpg]
[7oroof.com/demos/babette/assets/images/menu/6.jpg]
[7oroof.com/demos/babette/menu-mixed.html]
[7oroof.com/demos/babette/menu-board.html]
[7oroof.com/demos/babette/menu-gallery.html]
[7oroof.com/demos/babette/gallery-grid.html]
[7oroof.com/demos/babette/gallery-fullwidth.html]
[7oroof.com/demos/babette/blog-carousel.html]
[7oroof.com/demos/babette/assets/images/blog/thumbs/1.jpg]
[7oroof.com/demos/babette/assets/images/blog/thumbs/2.jpg]
[7oroof.com/demos/babette/blog-grid-sidebar.html]
[7oroof.com/demos/babette/blog-grid.html]
[7oroof.com/demos/babette/blog-standard.html]
[7oroof.com/demos/babette/assets/images/blog/author/1.jpg]
[7oroof.com/demos/babette/blog-single-post.html]
[7oroof.com/demos/babette/assets/images/shop/thumbs/1.9c.delayed]
[7oroof.com/demos/babette/assets/images/shop/thumbs/2.png]
[7oroof.com/demos/babette/assets/images/shop/grid/1.jpg]
[7oroof.com/demos/babette/assets/images/shop/grid/2.jpg]
[7oroof.com/demos/babette/assets/images/shop/grid/3.jpg]
[7oroof.com/demos/babette/assets/images/shop/grid/4.jpg]
[7oroof.com/demos/babette/assets/images/shop/grid/5.jpg]
[7oroof.com/demos/babette/assets/images/shop/grid/6.jpg]
[7oroof.com/demos/babette/assets/images/shop/grid/7.jpg]
[7oroof.com/demos/babette/assets/images/shop/grid/8.jpg]
[7oroof.com/demos/babette/shop.html]
[7oroof.com/demos/babette/shop-sidebar.html]
[7oroof.com/demos/babette/assets/images/shop/full/1.jpg]
[7oroof.com/demos/babette/shop-single-product.html]
[7oroof.com/demos/babette/shopping-cart.html]
[7oroof.com/demos/babette/reservation.html]
[7oroof.com/demos/babette/assets/css/images/ui-icons_444444_256x240.html]
[7oroof.com/demos/babette/assets/css/images/ui-icons_555555_256x240.html]
[7oroof.com/demos/babette/assets/css/images/ui-icons_ffffff_256x240.html]
[7oroof.com/demos/babette/assets/css/images/ui-icons_777620_256x240.html]
[7oroof.com/demos/babette/assets/css/images/ui-icons_cc0000_256x240.html]
[7oroof.com/demos/babette/assets/css/images/ui-icons_777777_256x240.html]
[7oroof.com/demos/babette/assets/css/owl.video.play.html]
[7oroof.com/demos/babette/assets/fonts/fontawesome-webfont3e6e.svg]
[7oroof.com/demos/babette/assets/fonts/icomoonf857.svg]
[7oroof.com/demos/babette/assets/images/shop/thumbs/1.html]
[7oroof.com/demos/babette/assets/images/shop/thumbs/2.html]
